2026-07-21 20:56:26,671 [INFO] Activator:176 - 


2026-07-21 20:56:26,678 [INFO] Activator:177 - !SESSION log4j initialized
2026-07-21 20:56:28,898 [ERROR] LogOutputStream:74 - [STDERR_REDIRECT] [Fatal Error] :1:1: Premature end of file.
2026-07-21 20:56:28,900 [ERROR] LogOutputStream:74 - [STDERR_REDIRECT] 
2026-07-21 20:56:29,504 [ERROR] LogOutputStream:74 - [STDERR_REDIRECT] [Fatal Error] :1:1: Premature end of file.
2026-07-21 20:56:29,505 [ERROR] LogOutputStream:74 - [STDERR_REDIRECT] 
2026-07-21 20:56:30,498 [ERROR] LogOutputStream:74 - [STDERR_REDIRECT] [Fatal Error] :1:1: Premature end of file.
2026-07-21 20:56:30,516 [ERROR] LogOutputStream:74 - [STDERR_REDIRECT] 
2026-07-21 20:56:31,502 [ERROR] LogOutputStream:74 - [STDERR_REDIRECT] [Fatal Error] :1:1: Premature end of file.
2026-07-21 20:56:31,503 [ERROR] LogOutputStream:74 - [STDERR_REDIRECT] 
2026-07-21 20:56:32,501 [ERROR] LogOutputStream:74 - [STDERR_REDIRECT] [Fatal Error] :1:1: Premature end of file.
2026-07-21 20:56:32,502 [ERROR] LogOutputStream:74 - [STDERR_REDIRECT] 
2026-07-21 20:56:33,488 [ERROR] LogOutputStream:74 - [STDERR_REDIRECT] [Fatal Error] :1:1: Premature end of file.
2026-07-21 20:56:33,489 [ERROR] LogOutputStream:74 - [STDERR_REDIRECT] 
2026-07-21 20:56:34,485 [ERROR] LogOutputStream:74 - [STDERR_REDIRECT] [Fatal Error] :1:1: Premature end of file.
2026-07-21 20:56:34,486 [ERROR] LogOutputStream:74 - [STDERR_REDIRECT] 
2026-07-21 20:58:19,260 [INFO] Activator:176 - 


2026-07-21 20:58:19,263 [INFO] Activator:177 - !SESSION log4j initialized
2026-07-21 20:58:22,019 [ERROR] LogOutputStream:74 - [STDERR_REDIRECT] [Fatal Error] :1:1: Premature end of file.
2026-07-21 20:58:22,021 [ERROR] LogOutputStream:74 - [STDERR_REDIRECT] 
2026-07-21 20:58:22,987 [ERROR] LogOutputStream:74 - [STDERR_REDIRECT] [Fatal Error] :1:1: Premature end of file.
2026-07-21 20:58:22,987 [ERROR] LogOutputStream:74 - [STDERR_REDIRECT] 
2026-07-21 20:58:23,995 [ERROR] LogOutputStream:74 - [STDERR_REDIRECT] [Fatal Error] :1:1: Premature end of file.
2026-07-21 20:58:23,995 [ERROR] LogOutputStream:74 - [STDERR_REDIRECT] 
2026-07-21 20:58:24,996 [ERROR] LogOutputStream:74 - [STDERR_REDIRECT] [Fatal Error] :1:1: Premature end of file.
2026-07-21 20:58:24,996 [ERROR] LogOutputStream:74 - [STDERR_REDIRECT] 
2026-07-21 20:58:26,006 [ERROR] LogOutputStream:74 - [STDERR_REDIRECT] [Fatal Error] :1:1: Premature end of file.
2026-07-21 20:58:26,007 [ERROR] LogOutputStream:74 - [STDERR_REDIRECT] 
2026-07-21 20:58:52,331 [INFO] Activator:176 - 


2026-07-21 20:58:52,334 [INFO] Activator:177 - !SESSION log4j initialized
2026-07-21 20:58:54,959 [ERROR] LogOutputStream:74 - [STDERR_REDIRECT] [Fatal Error] :1:1: Premature end of file.
2026-07-21 20:58:54,961 [ERROR] LogOutputStream:74 - [STDERR_REDIRECT] 
2026-07-21 20:58:55,927 [ERROR] LogOutputStream:74 - [STDERR_REDIRECT] [Fatal Error] :1:1: Premature end of file.
2026-07-21 20:58:55,928 [ERROR] LogOutputStream:74 - [STDERR_REDIRECT] 
2026-07-21 20:58:56,991 [ERROR] LogOutputStream:74 - [STDERR_REDIRECT] [Fatal Error] :1:1: Premature end of file.
2026-07-21 20:58:56,992 [ERROR] LogOutputStream:74 - [STDERR_REDIRECT] 
2026-07-21 20:58:57,923 [ERROR] LogOutputStream:74 - [STDERR_REDIRECT] [Fatal Error] :1:1: Premature end of file.
2026-07-21 20:58:57,923 [ERROR] LogOutputStream:74 - [STDERR_REDIRECT] 
2026-07-21 20:58:58,917 [ERROR] LogOutputStream:74 - [STDERR_REDIRECT] [Fatal Error] :1:1: Premature end of file.
2026-07-21 20:58:58,917 [ERROR] LogOutputStream:74 - [STDERR_REDIRECT] 
2026-07-21 20:58:59,952 [ERROR] LogOutputStream:74 - [STDERR_REDIRECT] [Fatal Error] :1:1: Premature end of file.
2026-07-21 20:58:59,952 [ERROR] LogOutputStream:74 - [STDERR_REDIRECT] 
2026-07-21 20:59:00,926 [ERROR] LogOutputStream:74 - [STDERR_REDIRECT] [Fatal Error] :1:1: Premature end of file.
2026-07-21 20:59:00,927 [ERROR] LogOutputStream:74 - [STDERR_REDIRECT] 
2026-07-21 20:59:01,925 [ERROR] LogOutputStream:74 - [STDERR_REDIRECT] [Fatal Error] :1:1: Premature end of file.
2026-07-21 20:59:01,926 [ERROR] LogOutputStream:74 - [STDERR_REDIRECT] 
2026-07-21 20:59:02,951 [ERROR] LogOutputStream:74 - [STDERR_REDIRECT] [Fatal Error] :1:1: Premature end of file.
2026-07-21 20:59:02,951 [ERROR] LogOutputStream:74 - [STDERR_REDIRECT] 
2026-07-21 20:59:03,941 [ERROR] LogOutputStream:74 - [STDERR_REDIRECT] [Fatal Error] :1:1: Premature end of file.
2026-07-21 20:59:03,942 [ERROR] LogOutputStream:74 - [STDERR_REDIRECT] 
2026-07-21 20:59:04,946 [ERROR] LogOutputStream:74 - [STDERR_REDIRECT] [Fatal Error] :1:1: Premature end of file.
2026-07-21 20:59:04,947 [ERROR] LogOutputStream:74 - [STDERR_REDIRECT] 
2026-07-21 20:59:05,924 [ERROR] LogOutputStream:74 - [STDERR_REDIRECT] [Fatal Error] :1:1: Premature end of file.
2026-07-21 20:59:05,924 [ERROR] LogOutputStream:74 - [STDERR_REDIRECT] 
2026-07-21 20:59:06,922 [ERROR] LogOutputStream:74 - [STDERR_REDIRECT] [Fatal Error] :1:1: Premature end of file.
2026-07-21 20:59:06,922 [ERROR] LogOutputStream:74 - [STDERR_REDIRECT] 
2026-07-21 20:59:07,929 [ERROR] LogOutputStream:74 - [STDERR_REDIRECT] [Fatal Error] :1:1: Premature end of file.
2026-07-21 20:59:07,929 [ERROR] LogOutputStream:74 - [STDERR_REDIRECT] 
2026-07-21 20:59:08,915 [ERROR] LogOutputStream:74 - [STDERR_REDIRECT] [Fatal Error] :1:1: Premature end of file.
2026-07-21 20:59:08,916 [ERROR] LogOutputStream:74 - [STDERR_REDIRECT] 
2026-07-21 20:59:09,942 [ERROR] LogOutputStream:74 - [STDERR_REDIRECT] [Fatal Error] :1:1: Premature end of file.
2026-07-21 20:59:09,942 [ERROR] LogOutputStream:74 - [STDERR_REDIRECT] 
2026-07-21 20:59:10,929 [ERROR] LogOutputStream:74 - [STDERR_REDIRECT] [Fatal Error] :1:1: Premature end of file.
2026-07-21 20:59:10,929 [ERROR] LogOutputStream:74 - [STDERR_REDIRECT] 
2026-07-21 20:59:11,921 [ERROR] LogOutputStream:74 - [STDERR_REDIRECT] [Fatal Error] :1:1: Premature end of file.
2026-07-21 20:59:11,921 [ERROR] LogOutputStream:74 - [STDERR_REDIRECT] 
2026-07-21 20:59:12,949 [ERROR] LogOutputStream:74 - [STDERR_REDIRECT] [Fatal Error] :1:1: Premature end of file.
2026-07-21 20:59:12,950 [ERROR] LogOutputStream:74 - [STDERR_REDIRECT] 
2026-07-21 20:59:13,945 [ERROR] LogOutputStream:74 - [STDERR_REDIRECT] [Fatal Error] :1:1: Premature end of file.
2026-07-21 20:59:13,946 [ERROR] LogOutputStream:74 - [STDERR_REDIRECT] 
2026-07-21 20:59:14,938 [ERROR] LogOutputStream:74 - [STDERR_REDIRECT] [Fatal Error] :1:1: Premature end of file.
2026-07-21 20:59:14,938 [ERROR] LogOutputStream:74 - [STDERR_REDIRECT] 
2026-07-21 20:59:15,946 [ERROR] LogOutputStream:74 - [STDERR_REDIRECT] [Fatal Error] :1:1: Premature end of file.
2026-07-21 20:59:15,946 [ERROR] LogOutputStream:74 - [STDERR_REDIRECT] 
2026-07-21 20:59:16,938 [ERROR] LogOutputStream:74 - [STDERR_REDIRECT] [Fatal Error] :1:1: Premature end of file.
2026-07-21 20:59:16,939 [ERROR] LogOutputStream:74 - [STDERR_REDIRECT] 
2026-07-21 20:59:17,934 [ERROR] LogOutputStream:74 - [STDERR_REDIRECT] [Fatal Error] :1:1: Premature end of file.
2026-07-21 20:59:17,935 [ERROR] LogOutputStream:74 - [STDERR_REDIRECT] 
2026-07-21 20:59:18,937 [ERROR] LogOutputStream:74 - [STDERR_REDIRECT] [Fatal Error] :1:1: Premature end of file.
2026-07-21 20:59:18,937 [ERROR] LogOutputStream:74 - [STDERR_REDIRECT] 
2026-07-21 20:59:19,931 [ERROR] LogOutputStream:74 - [STDERR_REDIRECT] [Fatal Error] :1:1: Premature end of file.
2026-07-21 20:59:19,932 [ERROR] LogOutputStream:74 - [STDERR_REDIRECT] 
2026-07-21 20:59:20,940 [ERROR] LogOutputStream:74 - [STDERR_REDIRECT] [Fatal Error] :1:1: Premature end of file.
2026-07-21 20:59:20,940 [ERROR] LogOutputStream:74 - [STDERR_REDIRECT] 
2026-07-21 20:59:21,545 [INFO] RetryExec:97 - I/O exception (java.net.SocketException) caught when processing request to {s}->https://sw-center.st.com:443: Socket Closed
2026-07-21 20:59:21,553 [INFO] RetryExec:113 - Retrying request to {s}->https://sw-center.st.com:443
2026-07-23 10:41:21,823 [INFO] Activator:176 - 


2026-07-23 10:41:21,826 [INFO] Activator:177 - !SESSION log4j initialized
2026-07-23 10:41:24,676 [ERROR] LogOutputStream:74 - [STDERR_REDIRECT] [Fatal Error] :1:1: Premature end of file.
2026-07-23 10:41:24,678 [ERROR] LogOutputStream:74 - [STDERR_REDIRECT] 
2026-07-23 10:41:25,652 [ERROR] LogOutputStream:74 - [STDERR_REDIRECT] [Fatal Error] :1:1: Premature end of file.
2026-07-23 10:41:25,652 [ERROR] LogOutputStream:74 - [STDERR_REDIRECT] 
2026-07-23 10:41:26,665 [ERROR] LogOutputStream:74 - [STDERR_REDIRECT] [Fatal Error] :1:1: Premature end of file.
2026-07-23 10:41:26,666 [ERROR] LogOutputStream:74 - [STDERR_REDIRECT] 
2026-07-23 10:41:27,664 [ERROR] LogOutputStream:74 - [STDERR_REDIRECT] [Fatal Error] :1:1: Premature end of file.
2026-07-23 10:41:27,664 [ERROR] LogOutputStream:74 - [STDERR_REDIRECT] 
2026-07-23 10:41:28,675 [ERROR] LogOutputStream:74 - [STDERR_REDIRECT] [Fatal Error] :1:1: Premature end of file.
2026-07-23 10:41:28,675 [ERROR] LogOutputStream:74 - [STDERR_REDIRECT] 
2026-07-23 10:41:29,666 [ERROR] LogOutputStream:74 - [STDERR_REDIRECT] [Fatal Error] :1:1: Premature end of file.
2026-07-23 10:41:29,666 [ERROR] LogOutputStream:74 - [STDERR_REDIRECT] 
2026-07-23 10:41:30,677 [ERROR] LogOutputStream:74 - [STDERR_REDIRECT] [Fatal Error] :1:1: Premature end of file.
2026-07-23 10:41:30,678 [ERROR] LogOutputStream:74 - [STDERR_REDIRECT] 
2026-07-23 10:41:42,454 [INFO] Activator:176 - 


2026-07-23 10:41:42,456 [INFO] Activator:177 - !SESSION log4j initialized
2026-07-23 10:41:45,330 [ERROR] LogOutputStream:74 - [STDERR_REDIRECT] [Fatal Error] :1:1: Premature end of file.
2026-07-23 10:41:45,333 [ERROR] LogOutputStream:74 - [STDERR_REDIRECT] 
2026-07-23 10:41:46,306 [ERROR] LogOutputStream:74 - [STDERR_REDIRECT] [Fatal Error] :1:1: Premature end of file.
2026-07-23 10:41:46,306 [ERROR] LogOutputStream:74 - [STDERR_REDIRECT] 
2026-07-23 10:41:47,293 [ERROR] LogOutputStream:74 - [STDERR_REDIRECT] [Fatal Error] :1:1: Premature end of file.
2026-07-23 10:41:47,294 [ERROR] LogOutputStream:74 - [STDERR_REDIRECT] 
2026-07-23 10:41:48,316 [ERROR] LogOutputStream:74 - [STDERR_REDIRECT] [Fatal Error] :1:1: Premature end of file.
2026-07-23 10:41:48,316 [ERROR] LogOutputStream:74 - [STDERR_REDIRECT] 
2026-07-23 10:41:49,281 [ERROR] LogOutputStream:74 - [STDERR_REDIRECT] [Fatal Error] :1:1: Premature end of file.
2026-07-23 10:41:49,281 [ERROR] LogOutputStream:74 - [STDERR_REDIRECT] 
2026-07-23 10:41:50,288 [ERROR] LogOutputStream:74 - [STDERR_REDIRECT] [Fatal Error] :1:1: Premature end of file.
2026-07-23 10:41:50,288 [ERROR] LogOutputStream:74 - [STDERR_REDIRECT] 
2026-07-23 10:41:51,280 [ERROR] LogOutputStream:74 - [STDERR_REDIRECT] [Fatal Error] :1:1: Premature end of file.
2026-07-23 10:41:51,280 [ERROR] LogOutputStream:74 - [STDERR_REDIRECT] 
2026-07-23 10:41:52,284 [ERROR] LogOutputStream:74 - [STDERR_REDIRECT] [Fatal Error] :1:1: Premature end of file.
2026-07-23 10:41:52,285 [ERROR] LogOutputStream:74 - [STDERR_REDIRECT] 
2026-07-23 10:41:53,275 [ERROR] LogOutputStream:74 - [STDERR_REDIRECT] [Fatal Error] :1:1: Premature end of file.
2026-07-23 10:41:53,276 [ERROR] LogOutputStream:74 - [STDERR_REDIRECT] 
2026-07-23 10:41:54,284 [ERROR] LogOutputStream:74 - [STDERR_REDIRECT] [Fatal Error] :1:1: Premature end of file.
2026-07-23 10:41:54,285 [ERROR] LogOutputStream:74 - [STDERR_REDIRECT] 
2026-07-23 10:41:55,285 [ERROR] LogOutputStream:74 - [STDERR_REDIRECT] [Fatal Error] :1:1: Premature end of file.
2026-07-23 10:41:55,286 [ERROR] LogOutputStream:74 - [STDERR_REDIRECT] 
2026-07-23 10:41:56,291 [ERROR] LogOutputStream:74 - [STDERR_REDIRECT] [Fatal Error] :1:1: Premature end of file.
2026-07-23 10:41:56,291 [ERROR] LogOutputStream:74 - [STDERR_REDIRECT] 
2026-07-23 10:41:57,300 [ERROR] LogOutputStream:74 - [STDERR_REDIRECT] [Fatal Error] :1:1: Premature end of file.
2026-07-23 10:41:57,301 [ERROR] LogOutputStream:74 - [STDERR_REDIRECT] 
2026-07-23 10:41:58,287 [ERROR] LogOutputStream:74 - [STDERR_REDIRECT] [Fatal Error] :1:1: Premature end of file.
2026-07-23 10:41:58,287 [ERROR] LogOutputStream:74 - [STDERR_REDIRECT] 
2026-07-23 10:41:59,293 [ERROR] LogOutputStream:74 - [STDERR_REDIRECT] [Fatal Error] :1:1: Premature end of file.
2026-07-23 10:41:59,294 [ERROR] LogOutputStream:74 - [STDERR_REDIRECT] 
2026-07-23 10:42:00,286 [ERROR] LogOutputStream:74 - [STDERR_REDIRECT] [Fatal Error] :1:1: Premature end of file.
2026-07-23 10:42:00,287 [ERROR] LogOutputStream:74 - [STDERR_REDIRECT] 
