22:14:13 **** Incremental Build of configuration Debug for project Driver_Dev ****
make -j12 all 
arm-none-eabi-gcc "../Drivers/SRC/STM32F401_GPIO_Driver.c" -mcpu=cortex-m4 -std=gnu11 -g3 -DDEBUG -DNUCLEO_F401RE -DSTM32 -DSTM32F401RETx -DSTM32F4 -c -I../Inc -I"C:/Users/user/Desktop/Embedded/STM32/Driver_Dev/Drivers/INC" -O0 -ffunction-sections -fdata-sections -Wall -fstack-usage -fcyclomatic-complexity -MMD -MP -MF"Drivers/SRC/STM32F401_GPIO_Driver.d" -MT"Drivers/SRC/STM32F401_GPIO_Driver.o" --specs=nano.specs -mfpu=fpv4-sp-d16 -mfloat-abi=hard -mthumb -o "Drivers/SRC/STM32F401_GPIO_Driver.o"
arm-none-eabi-gcc -o "Driver_Dev.elf" @"objects.list"   -mcpu=cortex-m4 -T"C:\Users\user\Desktop\Embedded\STM32\Driver_Dev\STM32F401RETX_FLASH.ld" --specs=nosys.specs -Wl,-Map="Driver_Dev.map" -Wl,--gc-sections -static --specs=nano.specs -mfpu=fpv4-sp-d16 -mfloat-abi=hard -mthumb -Wl,--start-group -lc -lm -Wl,--end-group
Finished building target: Driver_Dev.elf
 
arm-none-eabi-size  Driver_Dev.elf 
arm-none-eabi-objdump -h -S Driver_Dev.elf  > "Driver_Dev.list"
   text	   data	    bss	    dec	    hex	filename
    664	      0	   1568	   2232	    8b8	Driver_Dev.elf
Finished building: default.size.stdout
 
Finished building: Driver_Dev.list
 

22:14:14 Build Finished. 0 errors, 0 warnings. (took 623ms)

